// Jest Snapshot v1, https://goo.gl/fbAQLP

exports[`Dummy Screen renders correctly 1`] = `
<View
  style={
    Object {
      "alignItems": "center",
      "flex": 1,
      "justifyContent": "center",
    }
  }
>
  <Text>
    APP VERSION NOT YET DEVELOPED
  </Text>
</View>
`;
