// Jest Snapshot v1, https://goo.gl/fbAQLP

exports[`Social Button Component should render  correctly 1`] = `
<View
  accessible={true}
  focusable={true}
  onClick={[Function]}
  onResponderGrant={[Function]}
  onResponderMove={[Function]}
  onResponderRelease={[Function]}
  onResponderTerminate={[Function]}
  onResponderTerminationRequest={[Function]}
  onStartShouldSetResponder={[Function]}
  style={
    Object {
      "alignItems": "center",
      "marginLeft": 20,
      "marginTop": 45,
      "opacity": 1,
    }
  }
>
  <Image
    source={1}
    style={
      Object {
        "height": 45,
        "width": 45,
      }
    }
  />
</View>
`;
